[2026-09-28 08:35:16] 
======================================================================
[2026-09-28 08:35:16] 🏆 LALIGA HYPERMOTION - ACTUALIZAR CLASIFICACIÓN
[2026-09-28 08:35:16] ======================================================================
[2026-09-28 08:35:16] ✅ Cargados partidos desde historial_hypermotion.json
[2026-09-28 08:35:16] 
🔄 Buscando partidos nuevos en la API...
[2026-09-28 08:35:16] Consultando LivescoreFootball (worldcup26.ir)...
[2026-09-28 08:35:18]  -> 200 (323415 bytes)
[2026-09-28 08:35:19]  -> 200 (35543 bytes)
[2026-09-28 08:35:19]  -> 200 (43466 bytes)
[2026-09-28 08:35:20]  -> 200 (8951 bytes)
[2026-09-28 08:35:21]  -> 200 (1851 bytes)
[2026-09-28 08:35:22]  -> 200 (1851 bytes)
[2026-09-28 08:35:22] 📊 Eventos recuperados: 44

[2026-09-28 08:35:22] 
📊 Nuevos partidos detectados: 0
[2026-09-28 08:35:22] ⚠️  Partidos sin marcador (aún no jugados): 0
[2026-09-28 08:35:22] 
✓ Sin cambios en los datos
[2026-09-28 08:35:22] 
📊 Jornadas jugadas: 7
[2026-09-28 08:35:22] 
==========================================================================================
[2026-09-28 08:35:22] CLASIFICACIÓN ACTUAL
[2026-09-28 08:35:22] ==========================================================================================
[2026-09-28 08:35:22] POS  EQUIPO                    PJ   PTS  G   E   P   GF  GC  DG  
[2026-09-28 08:35:22] ------------------------------------------------------------------------------------------
[2026-09-28 08:35:22] 1    Castellon                 6    16   5   1   0   12  2   +10 
[2026-09-28 08:35:22] 2    Eibar                     6    15   5   0   1   12  4   +8  
[2026-09-28 08:35:22] 3    Girona                    7    13   4   1   2   14  8   +6  
[2026-09-28 08:35:22] 4    Mallorca                  6    13   4   1   1   8   2   +6  
[2026-09-28 08:35:22] 5    Almeria                   6    12   4   0   2   10  4   +6  
[2026-09-28 08:35:22] 6    Burgos                    6    11   3   2   1   10  7   +3  
[2026-09-28 08:35:22] 7    Sabadell                  6    11   3   2   1   7   5   +2  
[2026-09-28 08:35:22] 8    Leganes                   6    11   3   2   1   6   5   +1  
[2026-09-28 08:35:22] 9    Sporting Gijon            6    10   3   1   2   5   4   +1  
[2026-09-28 08:35:22] 10   Las Palmas                6    10   3   1   2   8   8   0   
[2026-09-28 08:35:22] 11   Tenerife                  6    10   3   1   2   7   8   -1  
[2026-09-28 08:35:22] 12   Real Sociedad B           6    8    2   2   2   8   7   +1  
[2026-09-28 08:35:22] 13   Real Oviedo               6    8    2   2   2   5   4   +1  
[2026-09-28 08:35:22] 14   Granada                   6    8    2   2   2   8   8   0   
[2026-09-28 08:35:22] 15   Celta Fortuna             6    7    2   1   3   7   10  -3  
[2026-09-28 08:35:22] 16   Cordoba                   6    6    2   0   4   9   13  -4  
[2026-09-28 08:35:22] 17   Eldense                   6    5    1   2   3   4   8   -4  
[2026-09-28 08:35:22] 18   Valladolid                6    5    1   2   3   3   8   -5  
[2026-09-28 08:35:22] 19   Ceuta                     7    4    1   1   5   6   17  -11 
[2026-09-28 08:35:22] 20   Cadiz                     6    3    0   3   3   6   9   -3  
[2026-09-28 08:35:22] 21   Andorra                   6    3    1   0   5   9   13  -4  
[2026-09-28 08:35:22] 22   Albacete                  7    1    0   1   6   4   12  -8  
[2026-09-28 08:35:22] ==========================================================================================
[2026-09-28 08:35:22] 
📄 Generando informe PDF...
[2026-09-28 08:35:23] ✅ PDF generado: informes/Informe_LaLiga_Hypermotion_2026-09-28.pdf
[2026-09-28 08:35:23] 
======================================================================
[2026-09-28 08:35:23] ✅ PROCESO COMPLETADO
[2026-09-28 08:35:23] ======================================================================

